#-----------------------------------------------------------
# Vivado v2017.2 (64-bit)
# SW Build 1909853 on Thu Jun 15 18:39:09 MDT 2017
# IP Build 1909766 on Thu Jun 15 19:58:00 MDT 2017
# Start of session at: Tue Jan 29 15:56:18 2019
# Process ID: 27612
# Current directory: D:/DSD-II/Exercise1/Project_1
# Command line: vivado.exe -gui_launcher_event rodinguilauncherevent18268 D:\DSD-II\Exercise1\Project_1\Project_1.xpr
# Log file: D:/DSD-II/Exercise1/Project_1/vivado.log
# Journal file: D:/DSD-II/Exercise1/Project_1\vivado.jou
#-----------------------------------------------------------
start_gui
open_project D:/DSD-II/Exercise1/Project_1/Project_1.xpr
launch_simulation -mode post-implementation -type timing
source aluTB32.tcl
# Disabling source management mode.  This is to allow the top design properties to be set without GUI intervention.
set_property source_mgmt_mode None [current_project]
set_property top aluTB [get_filesets sim_1]
set_property top_lib xil_defaultlib [get_filesets sim_1]
# Re-enabling previously disabled source management mode.
set_property source_mgmt_mode DisplayOnly [current_project]
launch_simulation -mode post-implementation -type timing
source aluTB.tcl
close_sim
close_sim
