#-----------------------------------------------------------
# Vivado v2017.2 (64-bit)
# SW Build 1909853 on Thu Jun 15 18:39:09 MDT 2017
# IP Build 1909766 on Thu Jun 15 19:58:00 MDT 2017
# Start of session at: Tue Apr  9 17:01:32 2019
# Process ID: 3476
# Current directory: D:/DSD-II/Exercise5/project_1
# Command line: vivado.exe -gui_launcher_event rodinguilauncherevent6624 D:\DSD-II\Exercise5\project_1\project_1.xpr
# Log file: D:/DSD-II/Exercise5/project_1/vivado.log
# Journal file: D:/DSD-II/Exercise5/project_1\vivado.jou
#-----------------------------------------------------------
start_gui
open_project D:/DSD-II/Exercise5/project_1/project_1.xpr
update_compile_order -fileset sources_1
# Disabling source management mode.  This is to allow the top design properties to be set without GUI intervention.
set_property source_mgmt_mode None [current_project]
set_property top execTB [get_filesets sim_1]
set_property top_lib xil_defaultlib [get_filesets sim_1]
# Re-enabling previously disabled source management mode.
set_property source_mgmt_mode All [current_project]
launch_simulation
source execTB.tcl
update_compile_order -fileset sim_1
close_sim
